[ERROR] COMPILATION ERROR : 
[ERROR] /C:/Users/15614/Documents/code/agent4j/loopra/src/main/java/site/sorghum/loopra/web/controller/SubAgentSessionController.java:[60,43] 不兼容的类型: java.nio.file.Path无法转换为java.lang.annotation.Annotation
[ERROR] /C:/Users/15614/Documents/code/agent4j/loopra/src/main/java/site/sorghum/loopra/bin/acp/AcpAgentOutput.java:[95,9] 找不到符号
[ERROR] /C:/Users/15614/Documents/code/agent4j/loopra/src/main/java/site/sorghum/loopra/bin/acp/AcpAgentOutput.java:[108,9] 找不到符号
[ERROR] /C:/Users/15614/Documents/code/agent4j/loopra/src/main/java/site/sorghum/loopra/bin/acp/AcpAgentOutput.java:[116,13] 找不到符号
[ERROR] /C:/Users/15614/Documents/code/agent4j/loopra/src/main/java/site/sorghum/loopra/bin/acp/AcpBootstrap.java:[57,13] 找不到符号
[ERROR] /C:/Users/15614/Documents/code/agent4j/loopra/src/main/java/site/sorghum/loopra/bin/acp/AcpBootstrap.java:[61,17] 找不到符号
[ERROR] /C:/Users/15614/Documents/code/agent4j/loopra/src/main/java/site/sorghum/loopra/bin/acp/AcpBootstrap.java:[66,9] 找不到符号
[ERROR] /C:/Users/15614/Documents/code/agent4j/loopra/src/main/java/site/sorghum/loopra/bin/acp/AcpBootstrap.java:[77,9] 找不到符号
[ERROR] /C:/Users/15614/Documents/code/agent4j/loopra/src/main/java/site/sorghum/loopra/bin/acp/AcpBootstrap.java:[95,9] 找不到符号
[ERROR] /C:/Users/15614/Documents/code/agent4j/loopra/src/main/java/site/sorghum/loopra/bin/acp/AcpBootstrap.java:[106,13] 找不到符号
[ERROR] /C:/Users/15614/Documents/code/agent4j/loopra/src/main/java/site/sorghum/loopra/bin/acp/AcpBootstrap.java:[107,13] 找不到符号
[ERROR] /C:/Users/15614/Documents/code/agent4j/loopra/src/main/java/site/sorghum/loopra/bin/acp/AcpBootstrap.java:[119,9] 找不到符号
[ERROR] /C:/Users/15614/Documents/code/agent4j/loopra/src/main/java/site/sorghum/loopra/bin/acp/AcpBootstrap.java:[127,9] 找不到符号
[ERROR] /C:/Users/15614/Documents/code/agent4j/loopra/src/main/java/site/sorghum/loopra/bin/acp/AcpBootstrap.java:[143,13] 找不到符号
[ERROR] /C:/Users/15614/Documents/code/agent4j/loopra/src/main/java/site/sorghum/loopra/bin/acp/AcpBootstrap.java:[156,9] 找不到符号
[ERROR] /C:/Users/15614/Documents/code/agent4j/loopra/src/main/java/site/sorghum/loopra/bin/acp/AcpSessionManager.java:[53,40] 找不到符号
[ERROR] /C:/Users/15614/Documents/code/agent4j/loopra/src/main/java/site/sorghum/loopra/bin/acp/AcpSessionManager.java:[56,13] 找不到符号
[ERROR] /C:/Users/15614/Documents/code/agent4j/loopra/src/main/java/site/sorghum/loopra/bin/acp/AcpSessionManager.java:[65,13] 找不到符号
[ERROR] /C:/Users/15614/Documents/code/agent4j/loopra/src/main/java/site/sorghum/loopra/bin/acp/AcpSessionManager.java:[71,13] 找不到符号
[ERROR] /C:/Users/15614/Documents/code/agent4j/loopra/src/main/java/site/sorghum/loopra/bin/acp/AcpSessionManager.java:[77,9] 找不到符号
[ERROR] /C:/Users/15614/Documents/code/agent4j/loopra/src/main/java/site/sorghum/loopra/bin/acp/AcpSessionManager.java:[86,40] 找不到符号
[ERROR] /C:/Users/15614/Documents/code/agent4j/loopra/src/main/java/site/sorghum/loopra/bin/acp/AcpSessionManager.java:[137,13] 找不到符号
[ERROR] /C:/Users/15614/Documents/code/agent4j/loopra/src/main/java/site/sorghum/loopra/bin/acp/AcpSessionManager.java:[146,14] 找不到符号
[ERROR] /C:/Users/15614/Documents/code/agent4j/loopra/src/main/java/site/sorghum/loopra/bin/acp/AcpSessionManager.java:[150,9] 找不到符号
[ERROR] /C:/Users/15614/Documents/code/agent4j/loopra/src/main/java/site/sorghum/loopra/bin/acp/AcpSessionManager.java:[169,13] 找不到符号
[ERROR] /C:/Users/15614/Documents/code/agent4j/loopra/src/main/java/site/sorghum/loopra/bin/acp/AcpSessionManager.java:[183,17] 找不到符号
[ERROR] /C:/Users/15614/Documents/code/agent4j/loopra/src/main/java/site/sorghum/loopra/bin/acp/AcpSessionManager.java:[187,13] 找不到符号
[ERROR] /C:/Users/15614/Documents/code/agent4j/loopra/src/main/java/site/sorghum/loopra/bin/acp/AcpSessionManager.java:[193,18] 找不到符号
[ERROR] /C:/Users/15614/Documents/code/agent4j/loopra/src/main/java/site/sorghum/loopra/bin/acp/AcpSessionManager.java:[197,46] 找不到符号
[ERROR] /C:/Users/15614/Documents/code/agent4j/loopra/src/main/java/site/sorghum/loopra/bin/acp/AcpSessionManager.java:[202,26] 找不到符号
[ERROR] /C:/Users/15614/Documents/code/agent4j/loopra/src/main/java/site/sorghum/loopra/bin/acp/AcpSessionManager.java:[204,17] 找不到符号
[ERROR] /C:/Users/15614/Documents/code/agent4j/loopra/src/main/java/site/sorghum/loopra/bin/acp/AcpSessionManager.java:[208,33] 找不到符号
[ERROR] /C:/Users/15614/Documents/code/agent4j/loopra/src/main/java/site/sorghum/loopra/bin/acp/AcpSessionManager.java:[217,13] 找不到符号
[ERROR] /C:/Users/15614/Documents/code/agent4j/loopra/src/main/java/site/sorghum/loopra/bin/acp/AcpSessionManager.java:[265,13] 找不到符号
[ERROR] /C:/Users/15614/Documents/code/agent4j/loopra/src/main/java/site/sorghum/loopra/bin/acp/AcpSessionManager.java:[280,17] 找不到符号
[ERROR] /C:/Users/15614/Documents/code/agent4j/loopra/src/main/java/site/sorghum/loopra/bin/acp/AcpSessionManager.java:[282,13] 找不到符号
[ERROR] /C:/Users/15614/Documents/code/agent4j/loopra/src/main/java/site/sorghum/loopra/bin/acp/AcpSessionManager.java:[318,17] 找不到符号
[ERROR] /C:/Users/15614/Documents/code/agent4j/loopra/src/main/java/site/sorghum/loopra/bin/acp/AcpSessionManager.java:[322,9] 找不到符号
[ERROR] /C:/Users/15614/Documents/code/agent4j/loopra/src/main/java/site/sorghum/loopra/bin/agent/core/LoopraAgent.java:[112,13] 找不到符号
[ERROR] /C:/Users/15614/Documents/code/agent4j/loopra/src/main/java/site/sorghum/loopra/bin/agent/core/LoopraAgent.java:[121,32] 找不到符号
[ERROR] /C:/Users/15614/Documents/code/agent4j/loopra/src/main/java/site/sorghum/loopra/bin/agent/core/LoopraAgent.java:[124,17] 找不到符号
[ERROR] /C:/Users/15614/Documents/code/agent4j/loopra/src/main/java/site/sorghum/loopra/bin/agent/core/LoopraAgent.java:[168,13] 找不到符号
[ERROR] /C:/Users/15614/Documents/code/agent4j/loopra/src/main/java/site/sorghum/loopra/bin/agent/core/LoopraAgent.java:[174,18] 找不到符号
[ERROR] /C:/Users/15614/Documents/code/agent4j/loopra/src/main/java/site/sorghum/loopra/bin/agent/core/LoopraAgent.java:[175,18] 找不到符号
[ERROR] /C:/Users/15614/Documents/code/agent4j/loopra/src/main/java/site/sorghum/loopra/bin/agent/core/LoopraAgent.java:[176,18] 找不到符号
[ERROR] /C:/Users/15614/Documents/code/agent4j/loopra/src/main/java/site/sorghum/loopra/bin/agent/core/LoopraAgent.java:[177,40] 找不到符号
[ERROR] /C:/Users/15614/Documents/code/agent4j/loopra/src/main/java/site/sorghum/loopra/bin/agent/core/LoopraAgent.java:[223,74] 找不到符号
[ERROR] /C:/Users/15614/Documents/code/agent4j/loopra/src/main/java/site/sorghum/loopra/bin/agent/core/LoopraAgent.java:[224,13] 找不到符号
[ERROR] /C:/Users/15614/Documents/code/agent4j/loopra/src/main/java/site/sorghum/loopra/bin/agent/core/LoopraAgent.java:[238,34] 找不到符号
[ERROR] /C:/Users/15614/Documents/code/agent4j/loopra/src/main/java/site/sorghum/loopra/bin/agent/core/LoopraAgent.java:[249,45] 找不到符号
[ERROR] /C:/Users/15614/Documents/code/agent4j/loopra/src/main/java/site/sorghum/loopra/bin/agent/core/LoopraAgent.java:[252,48] 找不到符号
[ERROR] /C:/Users/15614/Documents/code/agent4j/loopra/src/main/java/site/sorghum/loopra/bin/agent/core/LoopraAgent.java:[258,33] 找不到符号
[ERROR] /C:/Users/15614/Documents/code/agent4j/loopra/src/main/java/site/sorghum/loopra/bin/agent/core/LoopraAgent.java:[259,66] 找不到符号
[ERROR] /C:/Users/15614/Documents/code/agent4j/loopra/src/main/java/site/sorghum/loopra/bin/agent/core/LoopraAgent.java:[283,25] 找不到符号
[ERROR] /C:/Users/15614/Documents/code/agent4j/loopra/src/main/java/site/sorghum/loopra/bin/agent/core/LoopraAgent.java:[288,47] 找不到符号
[ERROR] /C:/Users/15614/Documents/code/agent4j/loopra/src/main/java/site/sorghum/loopra/bin/agent/core/LoopraAgent.java:[293,17] 找不到符号
[ERROR] /C:/Users/15614/Documents/code/agent4j/loopra/src/main/java/site/sorghum/loopra/bin/agent/core/LoopraAgent.java:[297,39] 找不到符号
[ERROR] /C:/Users/15614/Documents/code/agent4j/loopra/src/main/java/site/sorghum/loopra/bin/agent/core/LoopraAgent.java:[298,27] 找不到符号
[ERROR] /C:/Users/15614/Documents/code/agent4j/loopra/src/main/java/site/sorghum/loopra/bin/agent/core/LoopraAgent.java:[308,39] 找不到符号
[ERROR] /C:/Users/15614/Documents/code/agent4j/loopra/src/main/java/site/sorghum/loopra/bin/agent/core/LoopraAgent.java:[309,46] 找不到符号
[ERROR] /C:/Users/15614/Documents/code/agent4j/loopra/src/main/java/site/sorghum/loopra/bin/agent/core/LoopraAgent.java:[311,13] 找不到符号
[ERROR] /C:/Users/15614/Documents/code/agent4j/loopra/src/main/java/site/sorghum/loopra/bin/agent/core/LoopraAgent.java:[346,23] 找不到符号
[ERROR] /C:/Users/15614/Documents/code/agent4j/loopra/src/main/java/site/sorghum/loopra/bin/agent/core/LoopraAgent.java:[370,35] 找不到符号
[ERROR] /C:/Users/15614/Documents/code/agent4j/loopra/src/main/java/site/sorghum/loopra/bin/agent/core/LoopraAgent.java:[423,17] 找不到符号
[ERROR] /C:/Users/15614/Documents/code/agent4j/loopra/src/main/java/site/sorghum/loopra/bin/agent/core/LoopraAgent.java:[434,49] 找不到符号
[ERROR] /C:/Users/15614/Documents/code/agent4j/loopra/src/main/java/site/sorghum/loopra/bin/agent/core/LoopraAgent.java:[434,86] 找不到符号
[ERROR] /C:/Users/15614/Documents/code/agent4j/loopra/src/main/java/site/sorghum/loopra/bin/agent/core/LoopraAgent.java:[435,50] 找不到符号
[ERROR] /C:/Users/15614/Documents/code/agent4j/loopra/src/main/java/site/sorghum/loopra/bin/agent/core/LoopraAgent.java:[504,34] 找不到符号
[ERROR] /C:/Users/15614/Documents/code/agent4j/loopra/src/main/java/site/sorghum/loopra/bin/agent/core/LoopraAgent.java:[506,24] 找不到符号
[ERROR] /C:/Users/15614/Documents/code/agent4j/loopra/src/main/java/site/sorghum/loopra/bin/agent/core/LoopraAgent.java:[510,13] 找不到符号
[ERROR] /C:/Users/15614/Documents/code/agent4j/loopra/src/main/java/site/sorghum/loopra/bin/agent/core/LoopraAgent.java:[517,9] 找不到符号
[ERROR] /C:/Users/15614/Documents/code/agent4j/loopra/src/main/java/site/sorghum/loopra/bin/agent/core/LoopraAgent.java:[580,9] 找不到符号
[ERROR] /C:/Users/15614/Documents/code/agent4j/loopra/src/main/java/site/sorghum/loopra/bin/agent/core/LoopraAgent.java:[648,13] 找不到符号
[ERROR] /C:/Users/15614/Documents/code/agent4j/loopra/src/main/java/site/sorghum/loopra/bin/agent/core/LoopraAgent.java:[657,17] 找不到符号
[ERROR] /C:/Users/15614/Documents/code/agent4j/loopra/src/main/java/site/sorghum/loopra/bin/agent/core/LoopraAgent.java:[665,13] 找不到符号
[ERROR] /C:/Users/15614/Documents/code/agent4j/loopra/src/main/java/site/sorghum/loopra/bin/agent/core/LoopraAgent.java:[670,31] 找不到符号
[ERROR] /C:/Users/15614/Documents/code/agent4j/loopra/src/main/java/site/sorghum/loopra/bin/agent/core/LoopraAgent.java:[672,17] 找不到符号
[ERROR] /C:/Users/15614/Documents/code/agent4j/loopra/src/main/java/site/sorghum/loopra/bin/config/LoopraConfig.java:[208,9] 找不到符号
[ERROR] /C:/Users/15614/Documents/code/agent4j/loopra/src/main/java/site/sorghum/loopra/bin/config/LoopraConfig.java:[253,9] 找不到符号
[ERROR] /C:/Users/15614/Documents/code/agent4j/loopra/src/main/java/site/sorghum/loopra/bin/config/LoopraConfig.java:[281,13] 找不到符号
[ERROR] /C:/Users/15614/Documents/code/agent4j/loopra/src/main/java/site/sorghum/loopra/bin/config/LoopraConfig.java:[282,13] 找不到符号
[ERROR] /C:/Users/15614/Documents/code/agent4j/loopra/src/main/java/site/sorghum/loopra/bin/agent/model/ChatMessage.java:[122,27] 无法将类 site.sorghum.loopra.bin.agent.model.ChatMessage中的构造器 ChatMessage应用到给定类型;
[ERROR] /C:/Users/15614/Documents/code/agent4j/loopra/src/main/java/site/sorghum/loopra/bin/agent/model/ChatMessage.java:[131,27] 无法将类 site.sorghum.loopra.bin.agent.model.ChatMessage中的构造器 ChatMessage应用到给定类型;
[ERROR] /C:/Users/15614/Documents/code/agent4j/loopra/src/main/java/site/sorghum/loopra/bin/agent/model/ChatMessage.java:[144,27] 无法将类 site.sorghum.loopra.bin.agent.model.ChatMessage中的构造器 ChatMessage应用到给定类型;
[ERROR] /C:/Users/15614/Documents/code/agent4j/loopra/src/main/java/site/sorghum/loopra/bin/agent/model/ChatMessage.java:[158,27] 无法将类 site.sorghum.loopra.bin.agent.model.ChatMessage中的构造器 ChatMessage应用到给定类型;
[ERROR] /C:/Users/15614/Documents/code/agent4j/loopra/src/main/java/site/sorghum/loopra/bin/agent/model/ChatMessage.java:[168,19] 找不到符号
[ERROR] /C:/Users/15614/Documents/code/agent4j/loopra/src/main/java/site/sorghum/loopra/bin/agent/model/ChatMessage.java:[171,23] 找不到符号
[ERROR] /C:/Users/15614/Documents/code/agent4j/loopra/src/main/java/site/sorghum/loopra/bin/agent/model/ChatMessage.java:[178,27] 找不到符号
[ERROR] /C:/Users/15614/Documents/code/agent4j/loopra/src/main/java/site/sorghum/loopra/bin/agent/model/ChatMessage.java:[180,27] 找不到符号
[ERROR] /C:/Users/15614/Documents/code/agent4j/loopra/src/main/java/site/sorghum/loopra/bin/agent/model/ChatMessage.java:[181,27] 找不到符号
[ERROR] /C:/Users/15614/Documents/code/agent4j/loopra/src/main/java/site/sorghum/loopra/bin/agent/model/ChatMessage.java:[268,29] 找不到符号
[ERROR] /C:/Users/15614/Documents/code/agent4j/loopra/src/main/java/site/sorghum/loopra/bin/agent/model/ChatMessage.java:[282,27] 无法将类 site.sorghum.loopra.bin.agent.model.ChatMessage中的构造器 ChatMessage应用到给定类型;
[ERROR] /C:/Users/15614/Documents/code/agent4j/loopra/src/main/java/site/sorghum/loopra/bin/agent/model/ChatMessage.java:[320,27] 无法将类 site.sorghum.loopra.bin.agent.model.ChatMessage中的构造器 ChatMessage应用到给定类型;
[ERROR] /C:/Users/15614/Documents/code/agent4j/loopra/src/main/java/site/sorghum/loopra/bin/agent/model/ChatMessage.java:[356,41] 找不到符号
[ERROR] /C:/Users/15614/Documents/code/agent4j/loopra/src/main/java/site/sorghum/loopra/bin/agent/model/ChatMessage.java:[357,39] 找不到符号
[ERROR] /C:/Users/15614/Documents/code/agent4j/loopra/src/main/java/site/sorghum/loopra/bin/agent/model/ChatMessage.java:[358,45] 找不到符号
[ERROR] /C:/Users/15614/Documents/code/agent4j/loopra/src/main/java/site/sorghum/loopra/bin/agent/model/ChatMessage.java:[359,51] 找不到符号
[ERROR] /C:/Users/15614/Documents/code/agent4j/loopra/src/main/java/site/sorghum/loopra/bin/agent/model/ChatMessage.java:[361,51] 找不到符号
[ERROR] /C:/Users/15614/Documents/code/agent4j/loopra/src/main/java/site/sorghum/loopra/bin/agent/model/ChatMessage.java:[363,45] 找不到符号
[ERROR] /C:/Users/15614/Documents/code/agent4j/loopra/src/main/java/site/sorghum/loopra/bin/agent/model/ChatMessage.java:[364,31] 找不到符号
[ERROR] Failed to execute goal org.apache.maven.plugins:maven-compiler-plugin:3.13.0:compile (default-compile) on project loopra: Compilation failure: Compilation failure: 
[ERROR] /C:/Users/15614/Documents/code/agent4j/loopra/src/main/java/site/sorghum/loopra/web/controller/SubAgentSessionController.java:[60,43] 不兼容的类型: java.nio.file.Path无法转换为java.lang.annotation.Annotation
[ERROR] /C:/Users/15614/Documents/code/agent4j/loopra/src/main/java/site/sorghum/loopra/bin/acp/AcpAgentOutput.java:[95,9] 找不到符号
[ERROR]   符号:   变量 log
[ERROR]   位置: 类 site.sorghum.loopra.bin.acp.AcpAgentOutput
[ERROR] /C:/Users/15614/Documents/code/agent4j/loopra/src/main/java/site/sorghum/loopra/bin/acp/AcpAgentOutput.java:[108,9] 找不到符号
[ERROR]   符号:   变量 log
[ERROR]   位置: 类 site.sorghum.loopra.bin.acp.AcpAgentOutput
[ERROR] /C:/Users/15614/Documents/code/agent4j/loopra/src/main/java/site/sorghum/loopra/bin/acp/AcpAgentOutput.java:[116,13] 找不到符号
[ERROR]   符号:   变量 log
[ERROR]   位置: 类 site.sorghum.loopra.bin.acp.AcpAgentOutput
[ERROR] /C:/Users/15614/Documents/code/agent4j/loopra/src/main/java/site/sorghum/loopra/bin/acp/AcpBootstrap.java:[57,13] 找不到符号
[ERROR]   符号:   变量 log
[ERROR]   位置: 类 site.sorghum.loopra.bin.acp.AcpBootstrap
[ERROR] /C:/Users/15614/Documents/code/agent4j/loopra/src/main/java/site/sorghum/loopra/bin/acp/AcpBootstrap.java:[61,17] 找不到符号
[ERROR]   符号:   变量 log
[ERROR]   位置: 类 site.sorghum.loopra.bin.acp.AcpBootstrap
[ERROR] /C:/Users/15614/Documents/code/agent4j/loopra/src/main/java/site/sorghum/loopra/bin/acp/AcpBootstrap.java:[66,9] 找不到符号
[ERROR]   符号:   变量 log
[ERROR]   位置: 类 site.sorghum.loopra.bin.acp.AcpBootstrap
[ERROR] /C:/Users/15614/Documents/code/agent4j/loopra/src/main/java/site/sorghum/loopra/bin/acp/AcpBootstrap.java:[77,9] 找不到符号
[ERROR]   符号:   变量 log
[ERROR]   位置: 类 site.sorghum.loopra.bin.acp.AcpBootstrap
[ERROR] /C:/Users/15614/Documents/code/agent4j/loopra/src/main/java/site/sorghum/loopra/bin/acp/AcpBootstrap.java:[95,9] 找不到符号
[ERROR]   符号:   变量 log
[ERROR]   位置: 类 site.sorghum.loopra.bin.acp.AcpBootstrap
[ERROR] /C:/Users/15614/Documents/code/agent4j/loopra/src/main/java/site/sorghum/loopra/bin/acp/AcpBootstrap.java:[106,13] 找不到符号
[ERROR]   符号:   变量 log
[ERROR]   位置: 类 site.sorghum.loopra.bin.acp.AcpBootstrap
[ERROR] /C:/Users/15614/Documents/code/agent4j/loopra/src/main/java/site/sorghum/loopra/bin/acp/AcpBootstrap.java:[107,13] 找不到符号
[ERROR]   符号:   变量 log
[ERROR]   位置: 类 site.sorghum.loopra.bin.acp.AcpBootstrap
[ERROR] /C:/Users/15614/Documents/code/agent4j/loopra/src/main/java/site/sorghum/loopra/bin/acp/AcpBootstrap.java:[119,9] 找不到符号
[ERROR]   符号:   变量 log
[ERROR]   位置: 类 site.sorghum.loopra.bin.acp.AcpBootstrap
[ERROR] /C:/Users/15614/Documents/code/agent4j/loopra/src/main/java/site/sorghum/loopra/bin/acp/AcpBootstrap.java:[127,9] 找不到符号
[ERROR]   符号:   变量 log
[ERROR]   位置: 类 site.sorghum.loopra.bin.acp.AcpBootstrap
[ERROR] /C:/Users/15614/Documents/code/agent4j/loopra/src/main/java/site/sorghum/loopra/bin/acp/AcpBootstrap.java:[143,13] 找不到符号
[ERROR]   符号:   变量 log
[ERROR]   位置: 类 site.sorghum.loopra.bin.acp.AcpBootstrap
[ERROR] /C:/Users/15614/Documents/code/agent4j/loopra/src/main/java/site/sorghum/loopra/bin/acp/AcpBootstrap.java:[156,9] 找不到符号
[ERROR]   符号:   变量 log
[ERROR]   位置: 类 site.sorghum.loopra.bin.acp.AcpBootstrap
[ERROR] /C:/Users/15614/Documents/code/agent4j/loopra/src/main/java/site/sorghum/loopra/bin/acp/AcpSessionManager.java:[53,40] 找不到符号
[ERROR]   符号:   方法 getConfig()
[ERROR]   位置: 类 site.sorghum.loopra.bin.config.ConfigService
[ERROR] /C:/Users/15614/Documents/code/agent4j/loopra/src/main/java/site/sorghum/loopra/bin/acp/AcpSessionManager.java:[56,13] 找不到符号
[ERROR]   符号:   变量 log
[ERROR]   位置: 类 site.sorghum.loopra.bin.acp.AcpSessionManager
[ERROR] /C:/Users/15614/Documents/code/agent4j/loopra/src/main/java/site/sorghum/loopra/bin/acp/AcpSessionManager.java:[65,13] 找不到符号
[ERROR]   符号:   变量 log
[ERROR]   位置: 类 site.sorghum.loopra.bin.acp.AcpSessionManager
[ERROR] /C:/Users/15614/Documents/code/agent4j/loopra/src/main/java/site/sorghum/loopra/bin/acp/AcpSessionManager.java:[71,13] 找不到符号
[ERROR]   符号:   变量 log
[ERROR]   位置: 类 site.sorghum.loopra.bin.acp.AcpSessionManager
[ERROR] /C:/Users/15614/Documents/code/agent4j/loopra/src/main/java/site/sorghum/loopra/bin/acp/AcpSessionManager.java:[77,9] 找不到符号
[ERROR]   符号:   变量 log
[ERROR]   位置: 类 site.sorghum.loopra.bin.acp.AcpSessionManager
[ERROR] /C:/Users/15614/Documents/code/agent4j/loopra/src/main/java/site/sorghum/loopra/bin/acp/AcpSessionManager.java:[86,40] 找不到符号
[ERROR]   符号:   方法 getConfig()
[ERROR]   位置: 类 site.sorghum.loopra.bin.config.ConfigService
[ERROR] /C:/Users/15614/Documents/code/agent4j/loopra/src/main/java/site/sorghum/loopra/bin/acp/AcpSessionManager.java:[137,13] 找不到符号
[ERROR]   符号:   变量 log
[ERROR]   位置: 类 site.sorghum.loopra.bin.acp.AcpSessionManager
[ERROR] /C:/Users/15614/Documents/code/agent4j/loopra/src/main/java/site/sorghum/loopra/bin/acp/AcpSessionManager.java:[146,14] 找不到符号
[ERROR]   符号:   方法 getCtx()
[ERROR]   位置: 类型为site.sorghum.loopra.bin.agent.core.LoopraAgent的变量 agent
[ERROR] /C:/Users/15614/Documents/code/agent4j/loopra/src/main/java/site/sorghum/loopra/bin/acp/AcpSessionManager.java:[150,9] 找不到符号
[ERROR]   符号:   变量 log
[ERROR]   位置: 类 site.sorghum.loopra.bin.acp.AcpSessionManager
[ERROR] /C:/Users/15614/Documents/code/agent4j/loopra/src/main/java/site/sorghum/loopra/bin/acp/AcpSessionManager.java:[169,13] 找不到符号
[ERROR]   符号:   变量 log
[ERROR]   位置: 类 site.sorghum.loopra.bin.acp.AcpSessionManager
[ERROR] /C:/Users/15614/Documents/code/agent4j/loopra/src/main/java/site/sorghum/loopra/bin/acp/AcpSessionManager.java:[183,17] 找不到符号
[ERROR]   符号:   变量 log
[ERROR]   位置: 类 site.sorghum.loopra.bin.acp.AcpSessionManager
[ERROR] /C:/Users/15614/Documents/code/agent4j/loopra/src/main/java/site/sorghum/loopra/bin/acp/AcpSessionManager.java:[187,13] 找不到符号
[ERROR]   符号:   变量 log
[ERROR]   位置: 类 site.sorghum.loopra.bin.acp.AcpSessionManager
[ERROR] /C:/Users/15614/Documents/code/agent4j/loopra/src/main/java/site/sorghum/loopra/bin/acp/AcpSessionManager.java:[193,18] 找不到符号
[ERROR]   符号:   方法 getCtx()
[ERROR]   位置: 类型为site.sorghum.loopra.bin.agent.core.LoopraAgent的变量 agent
[ERROR] /C:/Users/15614/Documents/code/agent4j/loopra/src/main/java/site/sorghum/loopra/bin/acp/AcpSessionManager.java:[197,46] 找不到符号
[ERROR]   符号:   方法 getCtx()
[ERROR]   位置: 类型为site.sorghum.loopra.bin.agent.core.LoopraAgent的变量 agent
[ERROR] /C:/Users/15614/Documents/code/agent4j/loopra/src/main/java/site/sorghum/loopra/bin/acp/AcpSessionManager.java:[202,26] 找不到符号
[ERROR]   符号:   方法 getCtx()
[ERROR]   位置: 类型为site.sorghum.loopra.bin.agent.core.LoopraAgent的变量 agent
[ERROR] /C:/Users/15614/Documents/code/agent4j/loopra/src/main/java/site/sorghum/loopra/bin/acp/AcpSessionManager.java:[204,17] 找不到符号
[ERROR]   符号:   变量 log
[ERROR]   位置: 类 site.sorghum.loopra.bin.acp.AcpSessionManager
[ERROR] /C:/Users/15614/Documents/code/agent4j/loopra/src/main/java/site/sorghum/loopra/bin/acp/AcpSessionManager.java:[208,33] 找不到符号
[ERROR]   符号:   方法 getCtx()
[ERROR]   位置: 类型为site.sorghum.loopra.bin.agent.core.LoopraAgent的变量 agent
[ERROR] /C:/Users/15614/Documents/code/agent4j/loopra/src/main/java/site/sorghum/loopra/bin/acp/AcpSessionManager.java:[217,13] 找不到符号
[ERROR]   符号:   变量 log
[ERROR]   位置: 类 site.sorghum.loopra.bin.acp.AcpSessionManager
[ERROR] /C:/Users/15614/Documents/code/agent4j/loopra/src/main/java/site/sorghum/loopra/bin/acp/AcpSessionManager.java:[265,13] 找不到符号
[ERROR]   符号:   变量 log
[ERROR]   位置: 类 site.sorghum.loopra.bin.acp.AcpSessionManager
[ERROR] /C:/Users/15614/Documents/code/agent4j/loopra/src/main/java/site/sorghum/loopra/bin/acp/AcpSessionManager.java:[280,17] 找不到符号
[ERROR]   符号:   变量 log
[ERROR]   位置: 类 site.sorghum.loopra.bin.acp.AcpSessionManager
[ERROR] /C:/Users/15614/Documents/code/agent4j/loopra/src/main/java/site/sorghum/loopra/bin/acp/AcpSessionManager.java:[282,13] 找不到符号
[ERROR]   符号:   变量 log
[ERROR]   位置: 类 site.sorghum.loopra.bin.acp.AcpSessionManager
[ERROR] /C:/Users/15614/Documents/code/agent4j/loopra/src/main/java/site/sorghum/loopra/bin/acp/AcpSessionManager.java:[318,17] 找不到符号
[ERROR]   符号:   变量 log
[ERROR]   位置: 类 site.sorghum.loopra.bin.acp.AcpSessionManager
[ERROR] /C:/Users/15614/Documents/code/agent4j/loopra/src/main/java/site/sorghum/loopra/bin/acp/AcpSessionManager.java:[322,9] 找不到符号
[ERROR]   符号:   变量 log
[ERROR]   位置: 类 site.sorghum.loopra.bin.acp.AcpSessionManager
[ERROR] /C:/Users/15614/Documents/code/agent4j/loopra/src/main/java/site/sorghum/loopra/bin/agent/core/LoopraAgent.java:[112,13] 找不到符号
[ERROR]   符号:   变量 log
[ERROR]   位置: 类 site.sorghum.loopra.bin.agent.core.LoopraAgent
[ERROR] /C:/Users/15614/Documents/code/agent4j/loopra/src/main/java/site/sorghum/loopra/bin/agent/core/LoopraAgent.java:[121,32] 找不到符号
[ERROR]   符号:   变量 log
[ERROR]   位置: 类 site.sorghum.loopra.bin.agent.core.LoopraAgent
[ERROR] /C:/Users/15614/Documents/code/agent4j/loopra/src/main/java/site/sorghum/loopra/bin/agent/core/LoopraAgent.java:[124,17] 找不到符号
[ERROR]   符号:   变量 log
[ERROR]   位置: 类 site.sorghum.loopra.bin.agent.core.LoopraAgent
[ERROR] /C:/Users/15614/Documents/code/agent4j/loopra/src/main/java/site/sorghum/loopra/bin/agent/core/LoopraAgent.java:[168,13] 找不到符号
[ERROR]   符号:   变量 log
[ERROR]   位置: 类 site.sorghum.loopra.bin.agent.core.LoopraAgent
[ERROR] /C:/Users/15614/Documents/code/agent4j/loopra/src/main/java/site/sorghum/loopra/bin/agent/core/LoopraAgent.java:[174,18] 找不到符号
[ERROR]   符号:   方法 setWorkspace(java.nio.file.Path)
[ERROR]   位置: 类型为site.sorghum.loopra.bin.agent.core.AgentLoop的变量 agentLoop
[ERROR] /C:/Users/15614/Documents/code/agent4j/loopra/src/main/java/site/sorghum/loopra/bin/agent/core/LoopraAgent.java:[175,18] 找不到符号
[ERROR]   符号:   方法 setSessionUsageSink(site.sorghum.loopra.bin.session.SessionService)
[ERROR]   位置: 类型为site.sorghum.loopra.bin.agent.core.AgentLoop的变量 agentLoop
[ERROR] /C:/Users/15614/Documents/code/agent4j/loopra/src/main/java/site/sorghum/loopra/bin/agent/core/LoopraAgent.java:[176,18] 找不到符号
[ERROR]   符号:   方法 setGoalGuard(b.goalGuar[...]mpl())
[ERROR]   位置: 类型为site.sorghum.loopra.bin.agent.core.AgentLoop的变量 agentLoop
[ERROR] /C:/Users/15614/Documents/code/agent4j/loopra/src/main/java/site/sorghum/loopra/bin/agent/core/LoopraAgent.java:[177,40] 找不到符号
[ERROR]   符号:   方法 getSessionStore()
[ERROR]   位置: 类型为site.sorghum.loopra.bin.agent.context.ConversationContext的变量 ctx
[ERROR] /C:/Users/15614/Documents/code/agent4j/loopra/src/main/java/site/sorghum/loopra/bin/agent/core/LoopraAgent.java:[223,74] 找不到符号
[ERROR]   符号:   方法 getStore()
[ERROR]   位置: 类型为site.sorghum.loopra.bin.session.SessionService的变量 sessionService
[ERROR] /C:/Users/15614/Documents/code/agent4j/loopra/src/main/java/site/sorghum/loopra/bin/agent/core/LoopraAgent.java:[224,13] 找不到符号
[ERROR]   符号:   方法 setSessionId(java.lang.String)
[ERROR]   位置: 类型为site.sorghum.loopra.bin.agent.core.AgentLoop的变量 loop
[ERROR] /C:/Users/15614/Documents/code/agent4j/loopra/src/main/java/site/sorghum/loopra/bin/agent/core/LoopraAgent.java:[238,34] 找不到符号
[ERROR]   符号:   方法 getText()
[ERROR]   位置: 类型为site.sorghum.loopra.bin.agent.model.UserMessage的变量 userMessage
[ERROR] /C:/Users/15614/Documents/code/agent4j/loopra/src/main/java/site/sorghum/loopra/bin/agent/core/LoopraAgent.java:[249,45] 找不到符号
[ERROR]   符号:   方法 getStore()
[ERROR]   位置: 类型为site.sorghum.loopra.bin.session.SessionService的变量 sessionService
[ERROR] /C:/Users/15614/Documents/code/agent4j/loopra/src/main/java/site/sorghum/loopra/bin/agent/core/LoopraAgent.java:[252,48] 找不到符号
[ERROR]   符号:   方法 builder()
[ERROR]   位置: 类 site.sorghum.loopra.bin.command.MessageWrapper
[ERROR] /C:/Users/15614/Documents/code/agent4j/loopra/src/main/java/site/sorghum/loopra/bin/agent/core/LoopraAgent.java:[258,33] 找不到符号
[ERROR]   符号:   方法 getMessage()
[ERROR]   位置: 类型为site.sorghum.loopra.bin.command.MessageWrapper的变量 wrapper
[ERROR] /C:/Users/15614/Documents/code/agent4j/loopra/src/main/java/site/sorghum/loopra/bin/agent/core/LoopraAgent.java:[259,66] 找不到符号
[ERROR]   符号:   方法 getImages()
[ERROR]   位置: 类型为site.sorghum.loopra.bin.agent.model.UserMessage的变量 userMessage
[ERROR] /C:/Users/15614/Documents/code/agent4j/loopra/src/main/java/site/sorghum/loopra/bin/agent/core/LoopraAgent.java:[283,25] 找不到符号
[ERROR]   符号:   方法 getSessionStore()
[ERROR]   位置: 类型为site.sorghum.loopra.bin.agent.context.ConversationContext的变量 ctx
[ERROR] /C:/Users/15614/Documents/code/agent4j/loopra/src/main/java/site/sorghum/loopra/bin/agent/core/LoopraAgent.java:[288,47] 找不到符号
[ERROR]   符号:   方法 getSessionStore()
[ERROR]   位置: 类型为site.sorghum.loopra.bin.agent.context.ConversationContext的变量 ctx
[ERROR] /C:/Users/15614/Documents/code/agent4j/loopra/src/main/java/site/sorghum/loopra/bin/agent/core/LoopraAgent.java:[293,17] 找不到符号
[ERROR]   符号:   变量 log
[ERROR]   位置: 类 site.sorghum.loopra.bin.agent.core.LoopraAgent
[ERROR] /C:/Users/15614/Documents/code/agent4j/loopra/src/main/java/site/sorghum/loopra/bin/agent/core/LoopraAgent.java:[297,39] 找不到符号
[ERROR]   符号:   方法 getSessionStore()
[ERROR]   位置: 类型为site.sorghum.loopra.bin.agent.context.ConversationContext的变量 ctx
[ERROR] /C:/Users/15614/Documents/code/agent4j/loopra/src/main/java/site/sorghum/loopra/bin/agent/core/LoopraAgent.java:[298,27] 找不到符号
[ERROR]   符号:   方法 setTitleGenerated(boolean)
[ERROR]   位置: 类型为site.sorghum.loopra.bin.session.SessionService的变量 sessionService
[ERROR] /C:/Users/15614/Documents/code/agent4j/loopra/src/main/java/site/sorghum/loopra/bin/agent/core/LoopraAgent.java:[308,39] 找不到符号
[ERROR]   符号:   方法 getSessionStore()
[ERROR]   位置: 类型为site.sorghum.loopra.bin.agent.context.ConversationContext的变量 ctx
[ERROR] /C:/Users/15614/Documents/code/agent4j/loopra/src/main/java/site/sorghum/loopra/bin/agent/core/LoopraAgent.java:[309,46] 找不到符号
[ERROR]   符号:   方法 getSessionStore()
[ERROR]   位置: 类型为site.sorghum.loopra.bin.agent.context.ConversationContext的变量 ctx
[ERROR] /C:/Users/15614/Documents/code/agent4j/loopra/src/main/java/site/sorghum/loopra/bin/agent/core/LoopraAgent.java:[311,13] 找不到符号
[ERROR]   符号:   变量 log
[ERROR]   位置: 类 site.sorghum.loopra.bin.agent.core.LoopraAgent
[ERROR] /C:/Users/15614/Documents/code/agent4j/loopra/src/main/java/site/sorghum/loopra/bin/agent/core/LoopraAgent.java:[346,23] 找不到符号
[ERROR]   符号:   方法 setTitleGenerated(boolean)
[ERROR]   位置: 类型为site.sorghum.loopra.bin.session.SessionService的变量 sessionService
[ERROR] /C:/Users/15614/Documents/code/agent4j/loopra/src/main/java/site/sorghum/loopra/bin/agent/core/LoopraAgent.java:[370,35] 找不到符号
[ERROR]   符号:   方法 getLastContextEstimate()
[ERROR]   位置: 类型为site.sorghum.loopra.bin.agent.core.AgentLoop的变量 loop
[ERROR] /C:/Users/15614/Documents/code/agent4j/loopra/src/main/java/site/sorghum/loopra/bin/agent/core/LoopraAgent.java:[423,17] 找不到符号
[ERROR]   符号:   方法 setSessionId(java.lang.String)
[ERROR]   位置: 类型为site.sorghum.loopra.bin.agent.core.AgentLoop的变量 loop
[ERROR] /C:/Users/15614/Documents/code/agent4j/loopra/src/main/java/site/sorghum/loopra/bin/agent/core/LoopraAgent.java:[434,49] 找不到符号
[ERROR]   符号:   方法 getFileChanges()
[ERROR]   位置: 类型为site.sorghum.loopra.bin.agent.model.ChatMessage的变量 message
[ERROR] /C:/Users/15614/Documents/code/agent4j/loopra/src/main/java/site/sorghum/loopra/bin/agent/core/LoopraAgent.java:[434,86] 找不到符号
[ERROR]   符号:   方法 getFileChanges()
[ERROR]   位置: 类型为site.sorghum.loopra.bin.agent.model.ChatMessage的变量 message
[ERROR] /C:/Users/15614/Documents/code/agent4j/loopra/src/main/java/site/sorghum/loopra/bin/agent/core/LoopraAgent.java:[435,50] 找不到符号
[ERROR]   符号:   方法 getFileChanges()
[ERROR]   位置: 类型为site.sorghum.loopra.bin.agent.model.ChatMessage的变量 message
[ERROR] /C:/Users/15614/Documents/code/agent4j/loopra/src/main/java/site/sorghum/loopra/bin/agent/core/LoopraAgent.java:[504,34] 找不到符号
[ERROR]   符号:   方法 getSessionStore()
[ERROR]   位置: 类型为site.sorghum.loopra.bin.agent.context.ConversationContext的变量 ctx
[ERROR] /C:/Users/15614/Documents/code/agent4j/loopra/src/main/java/site/sorghum/loopra/bin/agent/core/LoopraAgent.java:[506,24] 找不到符号
[ERROR]   符号:   方法 getSessionStore()
[ERROR]   位置: 类型为site.sorghum.loopra.bin.agent.context.ConversationContext的变量 ctx
[ERROR] /C:/Users/15614/Documents/code/agent4j/loopra/src/main/java/site/sorghum/loopra/bin/agent/core/LoopraAgent.java:[510,13] 找不到符号
[ERROR]   符号:   变量 log
[ERROR]   位置: 类 site.sorghum.loopra.bin.agent.core.LoopraAgent
[ERROR] /C:/Users/15614/Documents/code/agent4j/loopra/src/main/java/site/sorghum/loopra/bin/agent/core/LoopraAgent.java:[517,9] 找不到符号
[ERROR]   符号:   变量 log
[ERROR]   位置: 类 site.sorghum.loopra.bin.agent.core.LoopraAgent
[ERROR] /C:/Users/15614/Documents/code/agent4j/loopra/src/main/java/site/sorghum/loopra/bin/agent/core/LoopraAgent.java:[580,9] 找不到符号
[ERROR]   符号:   变量 log
[ERROR]   位置: 类 site.sorghum.loopra.bin.agent.core.LoopraAgent
[ERROR] /C:/Users/15614/Documents/code/agent4j/loopra/src/main/java/site/sorghum/loopra/bin/agent/core/LoopraAgent.java:[648,13] 找不到符号
[ERROR]   符号:   变量 log
[ERROR]   位置: 类 site.sorghum.loopra.bin.agent.core.LoopraAgent
[ERROR] /C:/Users/15614/Documents/code/agent4j/loopra/src/main/java/site/sorghum/loopra/bin/agent/core/LoopraAgent.java:[657,17] 找不到符号
[ERROR]   符号:   变量 log
[ERROR]   位置: 类 site.sorghum.loopra.bin.agent.core.LoopraAgent
[ERROR] /C:/Users/15614/Documents/code/agent4j/loopra/src/main/java/site/sorghum/loopra/bin/agent/core/LoopraAgent.java:[665,13] 找不到符号
[ERROR]   符号:   变量 log
[ERROR]   位置: 类 site.sorghum.loopra.bin.agent.core.LoopraAgent
[ERROR] /C:/Users/15614/Documents/code/agent4j/loopra/src/main/java/site/sorghum/loopra/bin/agent/core/LoopraAgent.java:[670,31] 找不到符号
[ERROR]   符号:   方法 getStore()
[ERROR]   位置: 类型为site.sorghum.loopra.bin.session.SessionService的变量 sessionService
[ERROR] /C:/Users/15614/Documents/code/agent4j/loopra/src/main/java/site/sorghum/loopra/bin/agent/core/LoopraAgent.java:[672,17] 找不到符号
[ERROR]   符号:   变量 log
[ERROR]   位置: 类 site.sorghum.loopra.bin.agent.core.LoopraAgent
[ERROR] /C:/Users/15614/Documents/code/agent4j/loopra/src/main/java/site/sorghum/loopra/bin/config/LoopraConfig.java:[208,9] 找不到符号
[ERROR]   符号:   变量 log
[ERROR]   位置: 类 site.sorghum.loopra.bin.config.LoopraConfig
[ERROR] /C:/Users/15614/Documents/code/agent4j/loopra/src/main/java/site/sorghum/loopra/bin/config/LoopraConfig.java:[253,9] 找不到符号
[ERROR]   符号:   变量 log
[ERROR]   位置: 类 site.sorghum.loopra.bin.config.LoopraConfig
[ERROR] /C:/Users/15614/Documents/code/agent4j/loopra/src/main/java/site/sorghum/loopra/bin/config/LoopraConfig.java:[281,13] 找不到符号
[ERROR]   符号:   变量 log
[ERROR]   位置: 类 site.sorghum.loopra.bin.config.LoopraConfig
[ERROR] /C:/Users/15614/Documents/code/agent4j/loopra/src/main/java/site/sorghum/loopra/bin/config/LoopraConfig.java:[282,13] 找不到符号
[ERROR]   符号:   变量 log
[ERROR]   位置: 类 site.sorghum.loopra.bin.config.LoopraConfig
[ERROR] /C:/Users/15614/Documents/code/agent4j/loopra/src/main/java/site/sorghum/loopra/bin/agent/model/ChatMessage.java:[122,27] 无法将类 site.sorghum.loopra.bin.agent.model.ChatMessage中的构造器 ChatMessage应用到给定类型;
[ERROR]   需要: 没有参数
[ERROR]   找到:    java.lang.String
[ERROR]   原因: 实际参数列表和形式参数列表长度不同
[ERROR] /C:/Users/15614/Documents/code/agent4j/loopra/src/main/java/site/sorghum/loopra/bin/agent/model/ChatMessage.java:[131,27] 无法将类 site.sorghum.loopra.bin.agent.model.ChatMessage中的构造器 ChatMessage应用到给定类型;
[ERROR]   需要: 没有参数
[ERROR]   找到:    java.lang.String
[ERROR]   原因: 实际参数列表和形式参数列表长度不同
[ERROR] /C:/Users/15614/Documents/code/agent4j/loopra/src/main/java/site/sorghum/loopra/bin/agent/model/ChatMessage.java:[144,27] 无法将类 site.sorghum.loopra.bin.agent.model.ChatMessage中的构造器 ChatMessage应用到给定类型;
[ERROR]   需要: 没有参数
[ERROR]   找到:    java.lang.String
[ERROR]   原因: 实际参数列表和形式参数列表长度不同
[ERROR] /C:/Users/15614/Documents/code/agent4j/loopra/src/main/java/site/sorghum/loopra/bin/agent/model/ChatMessage.java:[158,27] 无法将类 site.sorghum.loopra.bin.agent.model.ChatMessage中的构造器 ChatMessage应用到给定类型;
[ERROR]   需要: 没有参数
[ERROR]   找到:    java.lang.String
[ERROR]   原因: 实际参数列表和形式参数列表长度不同
[ERROR] /C:/Users/15614/Documents/code/agent4j/loopra/src/main/java/site/sorghum/loopra/bin/agent/model/ChatMessage.java:[168,19] 找不到符号
[ERROR]   符号:   方法 setType(java.lang.String)
[ERROR]   位置: 类型为site.sorghum.loopra.bin.agent.model.ChatMessage.ContentPart的变量 cp
[ERROR] /C:/Users/15614/Documents/code/agent4j/loopra/src/main/java/site/sorghum/loopra/bin/agent/model/ChatMessage.java:[171,23] 找不到符号
[ERROR]   符号:   方法 setText(textVal !=[...] null)
[ERROR]   位置: 类型为site.sorghum.loopra.bin.agent.model.ChatMessage.ContentPart的变量 cp
[ERROR] /C:/Users/15614/Documents/code/agent4j/loopra/src/main/java/site/sorghum/loopra/bin/agent/model/ChatMessage.java:[178,27] 找不到符号
[ERROR]   符号:   方法 setUrl(urlVal != [...] null)
[ERROR]   位置: 类型为site.sorghum.loopra.bin.agent.model.ChatMessage.ContentPart.ImageUrl的变量 iu
[ERROR] /C:/Users/15614/Documents/code/agent4j/loopra/src/main/java/site/sorghum/loopra/bin/agent/model/ChatMessage.java:[180,27] 找不到符号
[ERROR]   符号:   方法 setDetail(detailVal [...] null)
[ERROR]   位置: 类型为site.sorghum.loopra.bin.agent.model.ChatMessage.ContentPart.ImageUrl的变量 iu
[ERROR] /C:/Users/15614/Documents/code/agent4j/loopra/src/main/java/site/sorghum/loopra/bin/agent/model/ChatMessage.java:[181,27] 找不到符号
[ERROR]   符号:   方法 setImageUrl(site.sorghum.loopra.bin.agent.model.ChatMessage.ContentPart.ImageUrl)
[ERROR]   位置: 类型为site.sorghum.loopra.bin.agent.model.ChatMessage.ContentPart的变量 cp
[ERROR] /C:/Users/15614/Documents/code/agent4j/loopra/src/main/java/site/sorghum/loopra/bin/agent/model/ChatMessage.java:[268,29] 找不到符号
[ERROR]   符号:   变量 log
[ERROR]   位置: 类 site.sorghum.loopra.bin.agent.model.ChatMessage
[ERROR] /C:/Users/15614/Documents/code/agent4j/loopra/src/main/java/site/sorghum/loopra/bin/agent/model/ChatMessage.java:[282,27] 无法将类 site.sorghum.loopra.bin.agent.model.ChatMessage中的构造器 ChatMessage应用到给定类型;
[ERROR]   需要: 没有参数
[ERROR]   找到:    java.lang.String
[ERROR]   原因: 实际参数列表和形式参数列表长度不同
[ERROR] /C:/Users/15614/Documents/code/agent4j/loopra/src/main/java/site/sorghum/loopra/bin/agent/model/ChatMessage.java:[320,27] 无法将类 site.sorghum.loopra.bin.agent.model.ChatMessage中的构造器 ChatMessage应用到给定类型;
[ERROR]   需要: 没有参数
[ERROR]   找到:    java.lang.String
[ERROR]   原因: 实际参数列表和形式参数列表长度不同
[ERROR] /C:/Users/15614/Documents/code/agent4j/loopra/src/main/java/site/sorghum/loopra/bin/agent/model/ChatMessage.java:[356,41] 找不到符号
[ERROR]   符号:   方法 getType()
[ERROR]   位置: 类型为site.sorghum.loopra.bin.agent.model.ChatMessage.ContentPart的变量 part
[ERROR] /C:/Users/15614/Documents/code/agent4j/loopra/src/main/java/site/sorghum/loopra/bin/agent/model/ChatMessage.java:[357,39] 找不到符号
[ERROR]   符号:   方法 getType()
[ERROR]   位置: 类型为site.sorghum.loopra.bin.agent.model.ChatMessage.ContentPart的变量 part
[ERROR] /C:/Users/15614/Documents/code/agent4j/loopra/src/main/java/site/sorghum/loopra/bin/agent/model/ChatMessage.java:[358,45] 找不到符号
[ERROR]   符号:   方法 getText()
[ERROR]   位置: 类型为site.sorghum.loopra.bin.agent.model.ChatMessage.ContentPart的变量 part
[ERROR] /C:/Users/15614/Documents/code/agent4j/loopra/src/main/java/site/sorghum/loopra/bin/agent/model/ChatMessage.java:[359,51] 找不到符号
[ERROR]   符号:   方法 getType()
[ERROR]   位置: 类型为site.sorghum.loopra.bin.agent.model.ChatMessage.ContentPart的变量 part
[ERROR] /C:/Users/15614/Documents/code/agent4j/loopra/src/main/java/site/sorghum/loopra/bin/agent/model/ChatMessage.java:[361,51] 找不到符号
[ERROR]   符号:   方法 getImageUrl()
[ERROR]   位置: 类型为site.sorghum.loopra.bin.agent.model.ChatMessage.ContentPart的变量 part
[ERROR] /C:/Users/15614/Documents/code/agent4j/loopra/src/main/java/site/sorghum/loopra/bin/agent/model/ChatMessage.java:[363,45] 找不到符号
[ERROR]   符号:   方法 getUrl()
[ERROR]   位置: 类型为site.sorghum.loopra.bin.agent.model.ChatMessage.ContentPart.ImageUrl的变量 iu
[ERROR] /C:/Users/15614/Documents/code/agent4j/loopra/src/main/java/site/sorghum/loopra/bin/agent/model/ChatMessage.java:[364,31] 找不到符号
[ERROR]   符号:   方法 getDetail()
[ERROR]   位置: 类型为site.sorghum.loopra.bin.agent.model.ChatMessage.ContentPart.ImageUrl的变量 iu
[ERROR] -> [Help 1]
[ERROR] 
[ERROR] To see the full stack trace of the errors, re-run Maven with the -e switch.
[ERROR] Re-run Maven using the -X switch to enable full debug logging.
[ERROR] 
[ERROR] For more information about the errors and possible solutions, please read the following articles:
[ERROR] [Help 1] http://cwiki.apache.org/confluence/display/MAVEN/MojoFailureException
